Microchip MPLAB XC8 Compiler V2.41

Linker command line:

-W-3 \
  --edf=C:/Program Files/Microchip/MPLABX/v6.10/packs/Microchip/PIC18F-K_DFP/1.8.249/xc8\pic\dat\20230209213641_en.msgs \
  -cn -h+dist/default/production\The_safe_project.X.production.sym \
  --cmf=dist/default/production\The_safe_project.X.production.cmf -z \
  -Q18F46K20 -oC:\Users\Desktop\AppData\Local\Temp\xcCsb6k.2\driver_tmp_3.o \
  --defsym=__MPLAB_BUILD=1 --fixupoverflow=error \
  -Mdist/default/production/The_safe_project.X.production.map \
  --md=C:\Users\Desktop\AppData\Local\Temp\xcCsb6k.2\driver_tmp_0.dat -E1 \
  -ver=XC8 Compiler --acfsm=1493 -ACODE=00h-0FFFFh -ACONST=00h-0FFFFh \
  -ASMALLCONST=01000h-010FFhx240 -AMEDIUMCONST=01000h-0FFFFh \
  -ACOMRAM=01h-05Fh -AABS1=00h-0F5Fh -ABIGRAM=01h-0F5Fh \
  -ARAM=060h-0FFh,0100h-01FFhx14,0F00h-0F5Fh -ABANK0=060h-0FFh \
  -ABANK1=0100h-01FFh -ABANK2=0200h-02FFh -ABANK3=0300h-03FFh \
  -ABANK4=0400h-04FFh -ABANK5=0500h-05FFh -ABANK6=0600h-06FFh \
  -ABANK7=0700h-07FFh -ABANK8=0800h-08FFh -ABANK9=0900h-09FFh \
  -ABANK10=0A00h-0AFFh -ABANK11=0B00h-0BFFh -ABANK12=0C00h-0CFFh \
  -ABANK13=0D00h-0DFFh -ABANK14=0E00h-0EFFh -ABANK15=0F00h-0F5Fh \
  -ASFR=0F60h-0FFFh -ABIGSFR=0F60h-0FFFh -ACONFIG=0300000h-030000Dh \
  -AIDLOC=0200000h-0200007h -AEEDATA=0F00000h-0F003FFh -peeprom_data=EEDATA \
  -preset_vec=00h,intcode,intcodelo,powerup,init -pramtop=01000h \
  -psmallconst=SMALLCONST -pmediumconst=MEDIUMCONST -pconst=CONST \
  -AFARRAM=00h-00h \
  -prdata=COMRAM,nvrram=COMRAM,nvbit=COMRAM,rbss=COMRAM,rbit=COMRAM \
  -pfarbss=FARRAM,fardata=FARRAM,nvFARRAM=FARRAM \
  -pintsave_regs=BIGRAM,bigbss=BIGRAM,bigdata=BIGRAM -pbss=RAM \
  -pidata=CODE,irdata=CODE,ibigdata=CODE,ifardata=CODE -prparam=COMRAM \
  C:\Users\Desktop\AppData\Local\Temp\xcCsb6k.2\driver_tmp_9.o \
  dist/default/production\The_safe_project.X.production.o 

Object code version is 3.11

Machine type is 18F46K20



                Name                               Link     Load   Length Selector   Space Scale
C:\Users\Desktop\AppData\Local\Temp\xcCsb6k.2\driver_tmp_9.o
                init                                  0        0        4        0       0
dist/default/production\The_safe_project.X.production.o
                mediumconst                        FE16     FE16      1EA     7F0B       0
                text38                             F2B2     F2B2      122     7959       0
                text37                             EE70     EE70      10A     7738       0
                text36                             E224     E224       44     7112       0
                text35                             E6A2     E6A2       7E     7351       0
                text34                             E720     E720       7E     7390       0
                text33                             E1E6     E1E6       3E     70F3       0
                text32                             E62A     E62A       78     7315       0
                text31                             E338     E338       48     719C       0
                text30                             E540     E540       74     72A0       0
                text29                             E5B4     E5B4       76     72DA       0
                text28                             F08A     F08A      114     7845       0
                text27                             E3CA     E3CA       4E     71E5       0
                text26                             E12C     E12C        6     7096       0
                text25                             E79E     E79E       82     73CF       0
                text24                             E820     E820       82     7410       0
                text23                             E8A2     E8A2       82     7451       0
                text22                             E924     E924       82     7492       0
                text21                             E380     E380       4A     71C0       0
                text20                             E14A     E14A       30     70A5       0
                text19                             EC1C     EC1C       B8     760E       0
                text18                             E9A6     E9A6       84     74D3       0
                text17                             EA2A     EA2A       96     7515       0
                text16                             F19E     F19E      114     78CF       0
                text15                             ED98     ED98       D8     76CC       0
                text14                             E1AC     E1AC       3A     70D6       0
                text13                             EB66     EB66       B6     75B3       0
                text12                             ECD4     ECD4       C4     766A       0
                text11                             EF7A     EF7A      110     77BD       0
                text10                             E418     E418       5A     720C       0
                text9                              F6F4     F6F4      2AC     7B7A       0
                text8                              E132     E132        A     7099       0
                text7                              EAC0     EAC0       A6     7560       0
                text6                              E17A     E17A       32     70BD       0
                text5                              E2AC     E2AC       46     7156       0
                text4                              E2F2     E2F2       46     7179       0
                text3                              F50C     F50C      1E8     7A86       0
                text2                              E4D4     E4D4       6C     726A       0
                text1                              F9A0     F9A0      476     7CD0       0
                text0                              F3D4     F3D4      138     79EA       0
                cstackCOMRAM                          1        1       48        1       1
                dataBANK0                            60       60       44       60       1
                bssBANK0                             A4       A4       14       60       1
                dataCOMRAM                           49       49        D        1       1
                bssCOMRAM                            56       56        9        1       1
                cinit                              E472     E472       62     7239       0
                idataBANK0                         E268     E268       44     E268       0
                idataCOMRAM                        E13D     E13D        D     E13D       0

TOTAL           Name                               Link     Load   Length     Space
        CLASS   CODE           
                init                                  0        0        4         0
                text38                             F2B2     F2B2      122         0
                text37                             EE70     EE70      10A         0
                text36                             E224     E224       44         0
                text35                             E6A2     E6A2       7E         0
                text34                             E720     E720       7E         0
                text33                             E1E6     E1E6       3E         0
                text32                             E62A     E62A       78         0
                text31                             E338     E338       48         0
                text30                             E540     E540       74         0
                text29                             E5B4     E5B4       76         0
                text28                             F08A     F08A      114         0
                text27                             E3CA     E3CA       4E         0
                text26                             E12C     E12C        6         0
                text25                             E79E     E79E       82         0
                text24                             E820     E820       82         0
                text23                             E8A2     E8A2       82         0
                text22                             E924     E924       82         0
                text21                             E380     E380       4A         0
                text20                             E14A     E14A       30         0
                text19                             EC1C     EC1C       B8         0
                text18                             E9A6     E9A6       84         0
                text17                             EA2A     EA2A       96         0
                text16                             F19E     F19E      114         0
                text15                             ED98     ED98       D8         0
                text14                             E1AC     E1AC       3A         0
                text13                             EB66     EB66       B6         0
                text12                             ECD4     ECD4       C4         0
                text11                             EF7A     EF7A      110         0
                text10                             E418     E418       5A         0
                text9                              F6F4     F6F4      2AC         0
                text8                              E132     E132        A         0
                text7                              EAC0     EAC0       A6         0
                text6                              E17A     E17A       32         0
                text5                              E2AC     E2AC       46         0
                text4                              E2F2     E2F2       46         0
                text3                              F50C     F50C      1E8         0
                text2                              E4D4     E4D4       6C         0
                text1                              F9A0     F9A0      476         0
                text0                              F3D4     F3D4      138         0
                cinit                              E472     E472       62         0
                idataBANK0                         E268     E268       44         0
                idataCOMRAM                        E13D     E13D        D         0

        CLASS   CONST          

        CLASS   SMALLCONST     

        CLASS   MEDIUMCONST    
                mediumconst                        FE16     FE16      1EA         0

        CLASS   COMRAM         
                cstackCOMRAM                          1        1       48         1
                dataCOMRAM                           49       49        D         1
                bssCOMRAM                            56       56        9         1

        CLASS   ABS1           

        CLASS   BIGRAM         

        CLASS   RAM            

        CLASS   BANK0          
                dataBANK0                            60       60       44         1
                bssBANK0                             A4       A4       14         1

        CLASS   BANK1          

        CLASS   BANK2          

        CLASS   BANK3          

        CLASS   BANK4          

        CLASS   BANK5          

        CLASS   BANK6          

        CLASS   BANK7          

        CLASS   BANK8          

        CLASS   BANK9          

        CLASS   BANK10         

        CLASS   BANK11         

        CLASS   BANK12         

        CLASS   BANK13         

        CLASS   BANK14         

        CLASS   BANK15         

        CLASS   SFR            

        CLASS   BIGSFR         

        CLASS   CONFIG         

        CLASS   IDLOC          

        CLASS   EEDATA         

        CLASS   FARRAM         

        CLASS   HEAP           

        CLASS   STACK          



SEGMENTS        Name                           Load    Length   Top    Selector   Space  Class

                reset_vec                      000000  000004  000004         0       0  CODE    
                cstackCOMRAM                   000001  00005E  00005F         1       1  COMRAM  
                dataBANK0                      000060  000058  0000B8        60       1  BANK0   
                text26                         00E12C  000006  00E132      7096       0  CODE    
                text8                          00E132  00000A  00E13C      7099       0  CODE    
                idataCOMRAM                    00E13D  00000D  00E14A      E13D       0  CODE    
                text20                         00E14A  000030  00E17A      70A5       0  CODE    
                text6                          00E17A  000032  00E1AC      70BD       0  CODE    
                text14                         00E1AC  00003A  00E1E6      70D6       0  CODE    
                text33                         00E1E6  00003E  00E224      70F3       0  CODE    
                text36                         00E224  000044  00E268      7112       0  CODE    
                idataBANK0                     00E268  000044  00E2AC      E268       0  CODE    
                text5                          00E2AC  000046  00E2F2      7156       0  CODE    
                text4                          00E2F2  000046  00E338      7179       0  CODE    
                text31                         00E338  000048  00E380      719C       0  CODE    
                text21                         00E380  00004A  00E3CA      71C0       0  CODE    
                text27                         00E3CA  00004E  00E418      71E5       0  CODE    
                text10                         00E418  00005A  00E472      720C       0  CODE    
                cinit                          00E472  000062  00E4D4      7239       0  CODE    
                text2                          00E4D4  00006C  00E540      726A       0  CODE    
                text30                         00E540  000074  00E5B4      72A0       0  CODE    
                text29                         00E5B4  000076  00E62A      72DA       0  CODE    
                text32                         00E62A  000078  00E6A2      7315       0  CODE    
                text35                         00E6A2  00007E  00E720      7351       0  CODE    
                text34                         00E720  00007E  00E79E      7390       0  CODE    
                text25                         00E79E  000082  00E820      73CF       0  CODE    
                text24                         00E820  000082  00E8A2      7410       0  CODE    
                text23                         00E8A2  000082  00E924      7451       0  CODE    
                text22                         00E924  000082  00E9A6      7492       0  CODE    
                text18                         00E9A6  000084  00EA2A      74D3       0  CODE    
                text17                         00EA2A  000096  00EAC0      7515       0  CODE    
                text7                          00EAC0  0000A6  00EB66      7560       0  CODE    
                text13                         00EB66  0000B6  00EC1C      75B3       0  CODE    
                text19                         00EC1C  0000B8  00ECD4      760E       0  CODE    
                text12                         00ECD4  0000C4  00ED98      766A       0  CODE    
                text15                         00ED98  0000D8  00EE70      76CC       0  CODE    
                text37                         00EE70  00010A  00EF7A      7738       0  CODE    
                text11                         00EF7A  000110  00F08A      77BD       0  CODE    
                text28                         00F08A  000114  00F19E      7845       0  CODE    
                text16                         00F19E  000114  00F2B2      78CF       0  CODE    
                text38                         00F2B2  000122  00F3D4      7959       0  CODE    
                text0                          00F3D4  000138  00F50C      79EA       0  CODE    
                text3                          00F50C  0001E8  00F6F4      7A86       0  CODE    
                text9                          00F6F4  0002AC  00F9A0      7B7A       0  CODE    
                text1                          00F9A0  000476  00FE16      7CD0       0  CODE    
                mediumconst                    00FE16  0001EA  010000      7F0B       0  MEDIUMCO


UNUSED ADDRESS RANGES

        Name                Unused          Largest block    Delta
        BANK0            000B8-000FF              48
        BANK1            00100-001FF             100
        BANK10           00A00-00AFF             100
        BANK11           00B00-00BFF             100
        BANK12           00C00-00CFF             100
        BANK13           00D00-00DFF             100
        BANK14           00E00-00EFF             100
        BANK15           00F00-00F5F              60
        BANK2            00200-002FF             100
        BANK3            00300-003FF             100
        BANK4            00400-004FF             100
        BANK5            00500-005FF             100
        BANK6            00600-006FF             100
        BANK7            00700-007FF             100
        BANK8            00800-008FF             100
        BANK9            00900-009FF             100
        BIGRAM           0005F-0005F               1
                         000B8-00F5F             EA8
        BIGSFR           00F60-00FFF              A0
        CODE             00004-0E12B            E128
                         0E13C-0E13C               1
        COMRAM           0005F-0005F               1
        CONFIG           300000-30000D               E
        CONST            00004-0E12B            E128
                         0E13C-0E13C               1
        EEDATA           F00000-F003FF             400
        IDLOC            200000-200007               8
        MEDIUMCONST      01000-0E12B            D12C
                         0E13C-0E13C               1
        RAM              000B8-00F5F             100
        SFR              00F60-00FFF              A0
        SMALLCONST       01000-0E12B             100
                         0E13C-0E13C               1

                                  Symbol Table

?_strcmp                                                  cstackCOMRAM 00001
EEPROM_READ_BYTE@bAdd                                     cstackCOMRAM 00001
EEPROM_READ_BYTE@data                                     cstackCOMRAM 00003
EEPROM_WRITE_BYTE@bAdd                                    cstackCOMRAM 00001
EEPROM_WRITE_BYTE@data                                    cstackCOMRAM 00003
EEPROM_WRITE_BYTE@interrupt_status                        cstackCOMRAM 00004
Led_initialaize@F3297                                     bssCOMRAM    0005A
Led_initialaize@Pin_config                                cstackCOMRAM 00012
Led_initialaize@led                                       cstackCOMRAM 0000E
Led_initialaize@ret                                       cstackCOMRAM 00011
Led_toggle@F3312                                          bssCOMRAM    00057
Led_turn_off@F3307                                        bssCOMRAM    00058
Led_turn_off@Pin_config                                   cstackCOMRAM 0000F
Led_turn_off@led                                          cstackCOMRAM 0000B
Led_turn_off@ret                                          cstackCOMRAM 0000E
Led_turn_on@F3302                                         bssCOMRAM    00059
Led_turn_on@Pin_config                                    cstackCOMRAM 0000F
Led_turn_on@led                                           cstackCOMRAM 0000B
Led_turn_on@ret                                           cstackCOMRAM 0000E
_EEADR                                                    (abs)        00FA9
_EEADRH                                                   (abs)        00FAA
_EECON1bits                                               (abs)        00FA6
_EECON2                                                   (abs)        00FA7
_EEDATA                                                   (abs)        00FA8
_EEPROM_READ_BYTE                                         text14       0E1AC
_EEPROM_WRITE_BYTE                                        text21       0E380
_INTCON                                                   (abs)        00FF2
_INTCONbits                                               (abs)        00FF2
_LATA                                                     (abs)        00F89
_LATB                                                     (abs)        00F8A
_LATC                                                     (abs)        00F8B
_LATD                                                     (abs)        00F8C
_LATE                                                     (abs)        00F8D
_LAT_Registers                                            dataBANK0    0007E
_Led_initialaize                                          text35       0E6A2
_Led_turn_off                                             text25       0E79E
_Led_turn_on                                              text24       0E820
_PORTA                                                    (abs)        00F80
_PORTB                                                    (abs)        00F81
_PORTC                                                    (abs)        00F82
_PORTD                                                    (abs)        00F83
_PORTE                                                    (abs)        00F84
_PORT_Registers                                           dataBANK0    00088
_Password                                                 dataBANK0    00092
_TRISA                                                    (abs)        00F92
_TRISB                                                    (abs)        00F93
_TRISC                                                    (abs)        00F94
_TRISD                                                    (abs)        00F95
_TRISE                                                    (abs)        00F96
_TRIS_Registers                                           dataBANK0    00074
__HRAM                                                    (abs)        00000
__H__absolute__                                           __absolute__ 00000
__Habs1                                                   abs1         00000
__Hbank0                                                  bank0        00000
__Hbank1                                                  bank1        00000
__Hbank10                                                 bank10       00000
__Hbank11                                                 bank11       00000
__Hbank12                                                 bank12       00000
__Hbank13                                                 bank13       00000
__Hbank14                                                 bank14       00000
__Hbank15                                                 bank15       00000
__Hbank2                                                  bank2        00000
__Hbank3                                                  bank3        00000
__Hbank4                                                  bank4        00000
__Hbank5                                                  bank5        00000
__Hbank6                                                  bank6        00000
__Hbank7                                                  bank7        00000
__Hbank8                                                  bank8        00000
__Hbank9                                                  bank9        00000
__Hbigbss                                                 bigbss       00000
__Hbigdata                                                bigdata      00000
__Hbigram                                                 bigram       00000
__Hbigsfr                                                 bigsfr       00000
__Hbss                                                    bss          00000
__HbssBANK0                                               bssBANK0     00000
__HbssCOMRAM                                              bssCOMRAM    00000
__Hcinit                                                  cinit        00000
__Hclrtext                                                clrtext      00000
__Hcomram                                                 comram       00000
__Hconfig                                                 config       00000
__Hconst                                                  const        00000
__HcstackCOMRAM                                           cstackCOMRAM 00000
__Hdata                                                   data         00000
__HdataBANK0                                              dataBANK0    00000
__HdataCOMRAM                                             dataCOMRAM   00000
__Heeprom_data                                            eeprom_data  00000
__Hfarbss                                                 farbss       00000
__Hfardata                                                fardata      00000
__Hheap                                                   heap         00000
__Hibigdata                                               ibigdata     00000
__Hidata                                                  idata        00000
__HidataBANK0                                             idataBANK0   00000
__HidataCOMRAM                                            idataCOMRAM  00000
__Hidloc                                                  idloc        00000
__Hifardata                                               ifardata     00000
__Hinit                                                   init         00004
__Hintcode                                                intcode      00000
__Hintcode_body                                           intcode_body 00000
__Hintcodelo                                              intcodelo    00000
__Hintentry                                               intentry     00000
__Hintret                                                 intret       00000
__Hintsave_regs                                           intsave_regs 00000
__Hirdata                                                 irdata       00000
__Hmediumconst                                            mediumconst  10000
__HnvFARRAM                                               nvFARRAM     00000
__Hnvbit                                                  nvbit        00000
__Hnvrram                                                 nvrram       00000
__Hparam                                                  rparam       00000
__Hpowerup                                                powerup      00000
__Hram                                                    ram          00000
__Hramtop                                                 ramtop       01000
__Hrbit                                                   rbit         00000
__Hrbss                                                   rbss         00000
__Hrdata                                                  rdata        00000
__Hreset_vec                                              reset_vec    00000
__Hrparam                                                 rparam       00000
__Hsfr                                                    sfr          00000
__Hsmallconst                                             smallconst   00000
__Hspace_0                                                (abs)        10000
__Hspace_1                                                (abs)        000B8
__Hspace_2                                                (abs)        00000
__Hspace_4                                                (abs)        00000
__Hstack                                                  stack        00000
__Hstruct                                                 struct       00000
__Htemp                                                   temp         00000
__Htext                                                   text         00000
__Htext0                                                  text0        00000
__Htext1                                                  text1        00000
__Htext10                                                 text10       00000
__Htext11                                                 text11       00000
__Htext12                                                 text12       00000
__Htext13                                                 text13       00000
__Htext14                                                 text14       00000
__Htext15                                                 text15       00000
__Htext16                                                 text16       00000
__Htext17                                                 text17       00000
__Htext18                                                 text18       00000
__Htext19                                                 text19       00000
__Htext2                                                  text2        00000
__Htext20                                                 text20       00000
__Htext21                                                 text21       00000
__Htext22                                                 text22       00000
__Htext23                                                 text23       00000
__Htext24                                                 text24       00000
__Htext25                                                 text25       00000
__Htext26                                                 text26       00000
__Htext27                                                 text27       00000
__Htext28                                                 text28       00000
__Htext29                                                 text29       00000
__Htext3                                                  text3        00000
__Htext30                                                 text30       00000
__Htext31                                                 text31       00000
__Htext32                                                 text32       00000
__Htext33                                                 text33       00000
__Htext34                                                 text34       00000
__Htext35                                                 text35       00000
__Htext36                                                 text36       00000
__Htext37                                                 text37       00000
__Htext38                                                 text38       00000
__Htext4                                                  text4        00000
__Htext5                                                  text5        00000
__Htext6                                                  text6        00000
__Htext7                                                  text7        00000
__Htext8                                                  text8        00000
__Htext9                                                  text9        00000
__LRAM                                                    (abs)        00001
__L__absolute__                                           __absolute__ 00000
__Labs1                                                   abs1         00000
__Lbank0                                                  bank0        00000
__Lbank1                                                  bank1        00000
__Lbank10                                                 bank10       00000
__Lbank11                                                 bank11       00000
__Lbank12                                                 bank12       00000
__Lbank13                                                 bank13       00000
__Lbank14                                                 bank14       00000
__Lbank15                                                 bank15       00000
__Lbank2                                                  bank2        00000
__Lbank3                                                  bank3        00000
__Lbank4                                                  bank4        00000
__Lbank5                                                  bank5        00000
__Lbank6                                                  bank6        00000
__Lbank7                                                  bank7        00000
__Lbank8                                                  bank8        00000
__Lbank9                                                  bank9        00000
__Lbigbss                                                 bigbss       00000
__Lbigdata                                                bigdata      00000
__Lbigram                                                 bigram       00000
__Lbigsfr                                                 bigsfr       00000
__Lbss                                                    bss          00000
__LbssBANK0                                               bssBANK0     00000
__LbssCOMRAM                                              bssCOMRAM    00000
__Lcinit                                                  cinit        00000
__Lclrtext                                                clrtext      00000
__Lcomram                                                 comram       00000
__Lconfig                                                 config       00000
__Lconst                                                  const        00000
__LcstackCOMRAM                                           cstackCOMRAM 00000
__Ldata                                                   data         00000
__LdataBANK0                                              dataBANK0    00000
__LdataCOMRAM                                             dataCOMRAM   00000
__Leeprom_data                                            eeprom_data  00000
__Lfarbss                                                 farbss       00000
__Lfardata                                                fardata      00000
__Lheap                                                   heap         00000
__Libigdata                                               ibigdata     00000
__Lidata                                                  idata        00000
__LidataBANK0                                             idataBANK0   00000
__LidataCOMRAM                                            idataCOMRAM  00000
__Lidloc                                                  idloc        00000
__Lifardata                                               ifardata     00000
__Linit                                                   init         00000
__Lintcode                                                intcode      00000
__Lintcode_body                                           intcode_body 00000
__Lintcodelo                                              intcodelo    00000
__Lintentry                                               intentry     00000
__Lintret                                                 intret       00000
__Lintsave_regs                                           intsave_regs 00000
__Lirdata                                                 irdata       00000
__Lmediumconst                                            mediumconst  0FE16
__LnvFARRAM                                               nvFARRAM     00000
__Lnvbit                                                  nvbit        00000
__Lnvrram                                                 nvrram       00000
__Lparam                                                  rparam       00000
__Lpowerup                                                powerup      00000
__Lram                                                    ram          00000
__Lramtop                                                 ramtop       01000
__Lrbit                                                   rbit         00000
__Lrbss                                                   rbss         00000
__Lrdata                                                  rdata        00000
__Lreset_vec                                              reset_vec    00000
__Lrparam                                                 rparam       00000
__Lsfr                                                    sfr          00000
__Lsmallconst                                             smallconst   00000
__Lspace_0                                                (abs)        00000
__Lspace_1                                                (abs)        00000
__Lspace_2                                                (abs)        00000
__Lspace_4                                                (abs)        00000
__Lstack                                                  stack        00000
__Lstruct                                                 struct       00000
__Ltemp                                                   temp         00000
__Ltext                                                   text         00000
__Ltext0                                                  text0        00000
__Ltext1                                                  text1        00000
__Ltext10                                                 text10       00000
__Ltext11                                                 text11       00000
__Ltext12                                                 text12       00000
__Ltext13                                                 text13       00000
__Ltext14                                                 text14       00000
__Ltext15                                                 text15       00000
__Ltext16                                                 text16       00000
__Ltext17                                                 text17       00000
__Ltext18                                                 text18       00000
__Ltext19                                                 text19       00000
__Ltext2                                                  text2        00000
__Ltext20                                                 text20       00000
__Ltext21                                                 text21       00000
__Ltext22                                                 text22       00000
__Ltext23                                                 text23       00000
__Ltext24                                                 text24       00000
__Ltext25                                                 text25       00000
__Ltext26                                                 text26       00000
__Ltext27                                                 text27       00000
__Ltext28                                                 text28       00000
__Ltext29                                                 text29       00000
__Ltext3                                                  text3        00000
__Ltext30                                                 text30       00000
__Ltext31                                                 text31       00000
__Ltext32                                                 text32       00000
__Ltext33                                                 text33       00000
__Ltext34                                                 text34       00000
__Ltext35                                                 text35       00000
__Ltext36                                                 text36       00000
__Ltext37                                                 text37       00000
__Ltext38                                                 text38       00000
__Ltext4                                                  text4        00000
__Ltext5                                                  text5        00000
__Ltext6                                                  text6        00000
__Ltext7                                                  text7        00000
__Ltext8                                                  text8        00000
__Ltext9                                                  text9        00000
__S0                                                      (abs)        10000
__S1                                                      (abs)        000B8
__S4                                                      (abs)        00000
__S5                                                      (abs)        00000
___heap_hi                                                (abs)        00000
___heap_lo                                                (abs)        00000
___inthi_sp                                               stack        00000
___intlo_sp                                               stack        00000
___param_bank                                             (abs)        00000
___rparam_used                                            (abs)        00001
___sp                                                     stack        00000
__accesstop                                               (abs)        00060
__activetblptr                                            (abs)        00002
__end_of_EEPROM_READ_BYTE                                 text14       0E1E6
__end_of_EEPROM_WRITE_BYTE                                text21       0E3CA
__end_of_Led_initialaize                                  text35       0E720
__end_of_Led_turn_off                                     text25       0E820
__end_of_Led_turn_on                                      text24       0E8A2
__end_of__initialization                                  cinit        0E4CA
__end_of_app_initialize                                   text26       0E132
__end_of_buzzer_initialaize                               text34       0E79E
__end_of_buzzer_turn_off                                  text23       0E924
__end_of_buzzer_turn_on                                   text22       0E9A6
__end_of_change_the_password_program                      text8        0E13C
__end_of_choose_program                                   text7        0EB66
__end_of_clear_password_from_eeprom                       text20       0E17A
__end_of_clear_the_entered_password                       text6        0E1AC
__end_of_dc_motor_intialize                               text33       0E224
__end_of_dc_motor_rotate_right                            text5        0E2F2
__end_of_dc_motor_stop                                    text4        0E338
__end_of_ecu_layer_initialize                             text27       0E418
__end_of_enter_your_password                              text15       0EE70
__end_of_gpio_pin_direction_initialize                    text38       0F3D4
__end_of_gpio_pin_initialize                              text36       0E268
__end_of_gpio_pin_read_logic                              text17       0EAC0
__end_of_gpio_pin_write_logic                             text37       0EF7A
__end_of_keypad_buttons                                   mediumconst  0FE27
__end_of_keypad_initialize                                text32       0E6A2
__end_of_lcd_4bit_initialize                              text28       0F19E
__end_of_lcd_4bit_send_char_data_pos                      text18       0EA2A
__end_of_lcd_4bit_send_cmd                                text29       0E62A
__end_of_lcd_4bit_send_enable                             text31       0E380
__end_of_lcd_4bit_send_string_data_pos                    text12       0ED98
__end_of_lcd_4bit_set_cursor                              text19       0ECD4
__end_of_lcd_send_4bits                                   text30       0E5B4
__end_of_main                                             text0        0F50C
__end_of_open_the_safe_program                            text3        0F6F4
__end_of_password_compare_with_eeprom                     text13       0EC1C
__end_of_read_keypad                                      text16       0F2B2
__end_of_set_passowrd_frist_time                          text1        0FE16
__end_of_set_password                                     text9        0F9A0
__end_of_strcmp                                           text2        0E540
__end_of_try_again_after_5_sec                            text11       0F08A
__end_of_write_the_password_in_eeprom                     text10       0E472
__initialization                                          cinit        0E472
__mediumconst                                             mediumconst  0FE16
__pbssBANK0                                               bssBANK0     000A4
__pbssCOMRAM                                              bssCOMRAM    00056
__pcinit                                                  cinit        0E472
__pcstackCOMRAM                                           cstackCOMRAM 00001
__pdataBANK0                                              dataBANK0    00060
__pdataCOMRAM                                             dataCOMRAM   00049
__pidataBANK0                                             idataBANK0   0E268
__pidataCOMRAM                                            idataCOMRAM  0E13D
__pmediumconst                                            mediumconst  0FE16
__ptext0                                                  text0        0F3D4
__ptext1                                                  text1        0F9A0
__ptext10                                                 text10       0E418
__ptext11                                                 text11       0EF7A
__ptext12                                                 text12       0ECD4
__ptext13                                                 text13       0EB66
__ptext14                                                 text14       0E1AC
__ptext15                                                 text15       0ED98
__ptext16                                                 text16       0F19E
__ptext17                                                 text17       0EA2A
__ptext18                                                 text18       0E9A6
__ptext19                                                 text19       0EC1C
__ptext2                                                  text2        0E4D4
__ptext20                                                 text20       0E14A
__ptext21                                                 text21       0E380
__ptext22                                                 text22       0E924
__ptext23                                                 text23       0E8A2
__ptext24                                                 text24       0E820
__ptext25                                                 text25       0E79E
__ptext26                                                 text26       0E12C
__ptext27                                                 text27       0E3CA
__ptext28                                                 text28       0F08A
__ptext29                                                 text29       0E5B4
__ptext3                                                  text3        0F50C
__ptext30                                                 text30       0E540
__ptext31                                                 text31       0E338
__ptext32                                                 text32       0E62A
__ptext33                                                 text33       0E1E6
__ptext34                                                 text34       0E720
__ptext35                                                 text35       0E6A2
__ptext36                                                 text36       0E224
__ptext37                                                 text37       0EE70
__ptext38                                                 text38       0F2B2
__ptext4                                                  text4        0E2F2
__ptext5                                                  text5        0E2AC
__ptext6                                                  text6        0E17A
__ptext7                                                  text7        0EAC0
__ptext8                                                  text8        0E132
__ptext9                                                  text9        0F6F4
__ramtop                                                  ramtop       01000
__smallconst                                              smallconst   00000
_app_initialize                                           text26       0E12C
_buzzer                                                   dataCOMRAM   00053
_buzzer_initialaize                                       text34       0E720
_buzzer_turn_off                                          text23       0E8A2
_buzzer_turn_on                                           text22       0E924
_change_the_password_program                              text8        0E132
_choose_program                                           text7        0EAC0
_clear_password_from_eeprom                               text20       0E14A
_clear_the_entered_password                               text6        0E17A
_dc_motor                                                 dataCOMRAM   00051
_dc_motor_intialize                                       text33       0E1E6
_dc_motor_rotate_right                                    text5        0E2AC
_dc_motor_stop                                            text4        0E2F2
_ecu_layer_initialize                                     text27       0E3CA
_enter_your_password                                      text15       0ED98
_gpio_pin_direction_initialize                            text38       0F2B2
_gpio_pin_initialize                                      text36       0E224
_gpio_pin_read_logic                                      text17       0EA2A
_gpio_pin_write_logic                                     text37       0EE70
_green_led                                                dataCOMRAM   00055
_keypad                                                   dataBANK0    0009C
_keypad_buttons                                           mediumconst  0FE17
_keypad_initialize                                        text32       0E62A
_lcd                                                      dataCOMRAM   0004B
_lcd_4bit_initialize                                      text28       0F08A
_lcd_4bit_send_char_data_pos                              text18       0E9A6
_lcd_4bit_send_cmd                                        text29       0E5B4
_lcd_4bit_send_enable                                     text31       0E338
_lcd_4bit_send_string_data_pos                            text12       0ECD4
_lcd_4bit_set_cursor                                      text19       0EC1C
_lcd_send_4bits                                           text30       0E540
_main                                                     text0        0F3D4
_open_the_safe_program                                    text3        0F50C
_password_compare_with_eeprom                             text13       0EB66
_password_digits_counter                                  bssCOMRAM    00056
_read_keypad                                              text16       0F19E
_red_led                                                  dataCOMRAM   00054
_set_passowrd_frist_time                                  text1        0F9A0
_set_password                                             text9        0F6F4
_strcmp                                                   text2        0E4D4
_try_again_after_5_sec                                    text11       0EF7A
_write_the_password_in_eeprom                             text10       0E418
_wrong_attempts                                           dataCOMRAM   0004A
_wrong_attempts_set_pass                                  dataCOMRAM   00049
buzzer_initialaize@F3297                                  bssCOMRAM    0005E
buzzer_initialaize@Pin_config                             cstackCOMRAM 00012
buzzer_initialaize@buzzer_obj                             cstackCOMRAM 0000E
buzzer_initialaize@ret                                    cstackCOMRAM 00011
buzzer_toggle@F3312                                       bssCOMRAM    0005B
buzzer_turn_off@F3307                                     bssCOMRAM    0005C
buzzer_turn_off@Pin_config                                cstackCOMRAM 0000F
buzzer_turn_off@buzzer_obj                                cstackCOMRAM 0000B
buzzer_turn_off@ret                                       cstackCOMRAM 0000E
buzzer_turn_on@F3302                                      bssCOMRAM    0005D
buzzer_turn_on@Pin_config                                 cstackCOMRAM 0000F
buzzer_turn_on@buzzer_obj                                 cstackCOMRAM 0000B
buzzer_turn_on@ret                                        cstackCOMRAM 0000E
change_the_password_program@ret                           cstackCOMRAM 00044
choose_program@choossed_program                           cstackCOMRAM 00027
choose_program@pressed_button                             cstackCOMRAM 0002A
choose_program@ret                                        cstackCOMRAM 00029
clear_password_from_eeprom@ret                            cstackCOMRAM 00005
clear_password_from_eeprom@temp_password_digits_counter   cstackCOMRAM 00006
clear_the_entered_password@_password                      cstackCOMRAM 00001
clear_the_entered_password@ret                            cstackCOMRAM 00003
clear_the_entered_password@temp_password_digits_counter   cstackCOMRAM 00004
dc_motor_intialize@dc_motor                               cstackCOMRAM 0000E
dc_motor_intialize@ret                                    cstackCOMRAM 00010
dc_motor_rotate_right@dc_motor                            cstackCOMRAM 0000B
dc_motor_rotate_right@ret                                 cstackCOMRAM 0000D
dc_motor_stop@dc_motor                                    cstackCOMRAM 0000B
dc_motor_stop@ret                                         cstackCOMRAM 0000D
ecu_layer_initialize@ret                                  cstackCOMRAM 0001E
end_of_initialization                                     cinit        0E4CA
enter_your_password@_password                             cstackCOMRAM 00025
enter_your_password@pressed_key                           cstackCOMRAM 0002B
enter_your_password@ret                                   cstackCOMRAM 00029
enter_your_password@temp_password_digits_counter          cstackCOMRAM 0002A
gpio_pin_direction_initialize@Pin_config                  cstackCOMRAM 00001
gpio_pin_direction_initialize@ret                         cstackCOMRAM 00009
gpio_pin_initialize@Pin_config                            cstackCOMRAM 0000B
gpio_pin_initialize@ret                                   cstackCOMRAM 0000D
gpio_pin_read_logic@Pin_config                            cstackCOMRAM 00001
gpio_pin_read_logic@logic                                 cstackCOMRAM 00003
gpio_pin_read_logic@ret                                   cstackCOMRAM 0000A
gpio_pin_write_logic@Pin_config                           cstackCOMRAM 00001
gpio_pin_write_logic@logic                                cstackCOMRAM 00003
gpio_pin_write_logic@ret                                  cstackCOMRAM 0000A
intlevel0                                                 text         00000
intlevel1                                                 text         00000
intlevel2                                                 text         00000
intlevel3                                                 text         00000
isa$std                                                   (abs)        00001
isa$xinst                                                 (abs)        00000
keypad_initialize@cols_counter                            cstackCOMRAM 00014
keypad_initialize@keypad                                  cstackCOMRAM 0000E
keypad_initialize@ret                                     cstackCOMRAM 00012
keypad_initialize@rows_counter                            cstackCOMRAM 00013
lcd_4bit_initialize@l_pin_counter                         cstackCOMRAM 0001C
lcd_4bit_initialize@lcd                                   cstackCOMRAM 00018
lcd_4bit_initialize@ret                                   cstackCOMRAM 0001D
lcd_4bit_send_char_data_pos@col                           cstackCOMRAM 00023
lcd_4bit_send_char_data_pos@data                          cstackCOMRAM 00021
lcd_4bit_send_char_data_pos@lcd                           cstackCOMRAM 0001F
lcd_4bit_send_char_data_pos@ret                           cstackCOMRAM 00024
lcd_4bit_send_char_data_pos@row                           cstackCOMRAM 00022
lcd_4bit_send_cmd@cmd                                     cstackCOMRAM 00016
lcd_4bit_send_cmd@lcd                                     cstackCOMRAM 00014
lcd_4bit_send_cmd@ret                                     cstackCOMRAM 00017
lcd_4bit_send_enable@lcd                                  cstackCOMRAM 0000B
lcd_4bit_send_enable@ret                                  cstackCOMRAM 0000D
lcd_4bit_send_string_data_pos@col                         cstackCOMRAM 00024
lcd_4bit_send_string_data_pos@lcd                         cstackCOMRAM 0001F
lcd_4bit_send_string_data_pos@ret                         cstackCOMRAM 00026
lcd_4bit_send_string_data_pos@row                         cstackCOMRAM 00023
lcd_4bit_send_string_data_pos@string                      cstackCOMRAM 00021
lcd_4bit_set_cursor@col                                   cstackCOMRAM 0001B
lcd_4bit_set_cursor@lcd                                   cstackCOMRAM 00018
lcd_4bit_set_cursor@ret                                   cstackCOMRAM 0001E
lcd_4bit_set_cursor@row                                   cstackCOMRAM 0001A
lcd_send_4bits@l_pin_counter                              cstackCOMRAM 00013
lcd_send_4bits@lcd                                        cstackCOMRAM 0000B
lcd_send_4bits@ret                                        cstackCOMRAM 00012
lcd_send_4bits@value                                      cstackCOMRAM 0000D
main@choossed_program                                     cstackCOMRAM 00048
main@frist_time_to_use_the_safe                           cstackCOMRAM 00047
open_the_safe_program@compare_status                      cstackCOMRAM 0002E
open_the_safe_program@ret                                 cstackCOMRAM 0002F
password_compare_with_eeprom@Password                     cstackCOMRAM 00005
password_compare_with_eeprom@compare_status               cstackCOMRAM 00007
password_compare_with_eeprom@eeprom_elemnt                cstackCOMRAM 0000C
password_compare_with_eeprom@ret                          cstackCOMRAM 0000B
password_compare_with_eeprom@temp_password_digits_counter cstackCOMRAM 0000D
password_compare_with_eeprom@wrong_password_flag          cstackCOMRAM 0000A
read_keypad@keypad                                        cstackCOMRAM 0000B
read_keypad@l_cols_counter                                cstackCOMRAM 00015
read_keypad@l_rows_counter                                cstackCOMRAM 00013
read_keypad@pressed_but                                   cstackCOMRAM 00012
read_keypad@ret                                           cstackCOMRAM 00011
read_keypad@rows_counter                                  cstackCOMRAM 00014
read_keypad@value                                         cstackCOMRAM 0000D
set_passowrd_frist_time@Temp_Password_1                   cstackCOMRAM 00038
set_passowrd_frist_time@Temp_Password_2                   cstackCOMRAM 0002E
set_passowrd_frist_time@pressed_key                       cstackCOMRAM 00042
set_passowrd_frist_time@ret                               cstackCOMRAM 00043
set_password@F3509                                        dataBANK0    0006A
set_password@F3511                                        dataBANK0    00060
set_password@Temp_Password_1                              cstackCOMRAM 0002E
set_password@Temp_Password_2                              cstackCOMRAM 00038
set_password@compare_status                               cstackCOMRAM 00042
set_password@ret                                          cstackCOMRAM 00043
stackhi                                                   (abs)        00000
stacklo                                                   (abs)        00000
start                                                     init         00000
start_initialization                                      cinit        0E472
strcmp@l                                                  cstackCOMRAM 00001
strcmp@r                                                  cstackCOMRAM 00003
try_again_after_5_sec@ret                                 cstackCOMRAM 00029
write_the_password_in_eeprom@password                     cstackCOMRAM 00005
write_the_password_in_eeprom@password_length              cstackCOMRAM 00007
write_the_password_in_eeprom@ret                          cstackCOMRAM 00008
write_the_password_in_eeprom@temp_password_digits_counter cstackCOMRAM 00009


MODULE INFORMATION

Module		Function		Class		Link	Load	Size
MCAL_Layer/DIO/HAL_GPIO.c
		_gpio_pin_write_logic		CODE           	EE70	0000	266
		_gpio_pin_read_logic		CODE           	EA2A	0000	150
		_gpio_pin_direction_initialize		CODE           	F2B2	0000	290
		_gpio_pin_initialize		CODE           	E224	0000	68

MCAL_Layer/DIO/HAL_GPIO.c estimated size: 774

C:\Program Files\Microchip\xc8\v2.41\pic\sources\c99\common\strcmp.c
		_strcmp        		CODE           	E4D4	0000	108

C:\Program Files\Microchip\xc8\v2.41\pic\sources\c99\common\strcmp.c estimated size: 108

ECU_Layer/ecu_buzzer/ecu_buzzer.c
		_buzzer_turn_on		CODE           	E924	0000	130
		_buzzer_turn_off		CODE           	E8A2	0000	130
		_buzzer_initialaize		CODE           	E720	0000	126

ECU_Layer/ecu_buzzer/ecu_buzzer.c estimated size: 386

ECU_Layer/ecu_keypad/ecu_keypad.c
		_read_keypad   		CODE           	F19E	0000	276
		_keypad_initialize		CODE           	E62A	0000	120

ECU_Layer/ecu_keypad/ecu_keypad.c estimated size: 396

ECU_Layer/ecu_lcd/ecu_lcd.c
		_lcd_send_4bits		CODE           	E540	0000	116
		_lcd_4bit_send_enable		CODE           	E338	0000	72
		_lcd_4bit_send_char_data_pos		CODE           	E9A6	0000	132
		_lcd_4bit_set_cursor		CODE           	EC1C	0000	184
		_lcd_4bit_send_string_data_pos		CODE           	ECD4	0000	196
		_lcd_4bit_send_cmd		CODE           	E5B4	0000	118
		_lcd_4bit_initialize		CODE           	F08A	0000	276

ECU_Layer/ecu_lcd/ecu_lcd.c estimated size: 1094

shared
		__initialization		CODE           	E472	0000	88
		_keypad_buttons		MEDIUMCONST    	FE17	0000	16

shared estimated size: 104

ECU_Layer/ecu_dc_motor/ecu_dc_motor.c
		_dc_motor_stop 		CODE           	E2F2	0000	70
		_dc_motor_intialize		CODE           	E1E6	0000	62
		_dc_motor_rotate_right		CODE           	E2AC	0000	70

ECU_Layer/ecu_dc_motor/ecu_dc_motor.c estimated size: 202

ECU_Layer/ecu_led/ecu_led.c
		_Led_turn_on   		CODE           	E820	0000	130
		_Led_turn_off  		CODE           	E79E	0000	130
		_Led_initialaize		CODE           	E6A2	0000	126

ECU_Layer/ecu_led/ecu_led.c estimated size: 386

App.c
		_write_the_password_in_eeprom		CODE           	E418	0000	90
		_change_the_password_program		CODE           	E132	0000	10
		_clear_password_from_eeprom		CODE           	E14A	0000	48
		_main          		CODE           	F3D4	0000	312
		_try_again_after_5_sec		CODE           	EF7A	0000	272
		_set_passowrd_frist_time		CODE           	F9A0	0000	1142
		_set_password  		CODE           	F6F4	0000	684
		_password_compare_with_eeprom		CODE           	EB66	0000	182
		_open_the_safe_program		CODE           	F50C	0000	488
		_choose_program		CODE           	EAC0	0000	166
		_clear_the_entered_password		CODE           	E17A	0000	50
		_enter_your_password		CODE           	ED98	0000	216
		_app_initialize		CODE           	E12C	0000	6

App.c estimated size: 3666

MCAL_Layer/EEPROM/mcal_eeprom.c
		_EEPROM_READ_BYTE		CODE           	E1AC	0000	58
		_EEPROM_WRITE_BYTE		CODE           	E380	0000	74

MCAL_Layer/EEPROM/mcal_eeprom.c estimated size: 132

ECU_Layer/ecu_initialize.c
		_ecu_layer_initialize		CODE           	E3CA	0000	78

ECU_Layer/ecu_initialize.c estimated size: 78

