Microchip MPLAB XC8 Compiler V2.41

Linker command line:

-W-3 \
  --edf=C:/Program Files/Microchip/MPLABX/v6.10/packs/Microchip/PIC18F-K_DFP/1.8.249/xc8\pic\dat\20230209213641_en.msgs \
  -cn -h+dist/default/debug\The_safe_project.X.debug.sym \
  --cmf=dist/default/debug\The_safe_project.X.debug.cmf -z -Q18F46K20 \
  -oC:\Users\Desktop\AppData\Local\Temp\xcAsbh8.\driver_tmp_3.o \
  --defsym=__MPLAB_BUILD=1 --fixupoverflow=error \
  -Mdist/default/debug/The_safe_project.X.debug.map \
  --md=C:\Users\Desktop\AppData\Local\Temp\xcAsbh8.\driver_tmp_0.dat -E1 \
  -ver=XC8 Compiler --acfsm=1493 -ACODE=00h-0FFFFh -ACONST=00h-0FFFFh \
  -ASMALLCONST=01000h-010FFhx240 -AMEDIUMCONST=01000h-0FFFFh \
  -ACOMRAM=01h-05Fh -AABS1=00h-0F5Fh -ABIGRAM=01h-0F5Fh \
  -ARAM=060h-0FFh,0100h-01FFhx14,0F00h-0F5Fh -ABANK0=060h-0FFh \
  -ABANK1=0100h-01FFh -ABANK2=0200h-02FFh -ABANK3=0300h-03FFh \
  -ABANK4=0400h-04FFh -ABANK5=0500h-05FFh -ABANK6=0600h-06FFh \
  -ABANK7=0700h-07FFh -ABANK8=0800h-08FFh -ABANK9=0900h-09FFh \
  -ABANK10=0A00h-0AFFh -ABANK11=0B00h-0BFFh -ABANK12=0C00h-0CFFh \
  -ABANK13=0D00h-0DFFh -ABANK14=0E00h-0EFFh -ABANK15=0F00h-0F5Fh \
  -ASFR=0F60h-0FFFh -ABIGSFR=0F60h-0FFFh -ACONFIG=0300000h-030000Dh \
  -AIDLOC=0200000h-0200007h -AEEDATA=0F00000h-0F003FFh -peeprom_data=EEDATA \
  -preset_vec=00h,intcode,intcodelo,powerup,init -pramtop=01000h \
  -psmallconst=SMALLCONST -pmediumconst=MEDIUMCONST -pconst=CONST \
  -AFARRAM=00h-00h \
  -prdata=COMRAM,nvrram=COMRAM,nvbit=COMRAM,rbss=COMRAM,rbit=COMRAM \
  -pfarbss=FARRAM,fardata=FARRAM,nvFARRAM=FARRAM \
  -pintsave_regs=BIGRAM,bigbss=BIGRAM,bigdata=BIGRAM -pbss=RAM \
  -pidata=CODE,irdata=CODE,ibigdata=CODE,ifardata=CODE -prparam=COMRAM \
  C:\Users\Desktop\AppData\Local\Temp\xcAsbh8.\driver_tmp_9.o \
  dist/default/debug\The_safe_project.X.debug.o 

Object code version is 3.11

Machine type is 18F46K20



                Name                               Link     Load   Length Selector   Space Scale
C:\Users\Desktop\AppData\Local\Temp\xcAsbh8.\driver_tmp_9.o
                init                                  0        0        4        0       0
dist/default/debug\The_safe_project.X.debug.o
                mediumconst                        FE38     FE38      1C8     7F1C       0
                text37                             F58C     F58C      122     7AC6       0
                text36                             F03A     F03A      10A     781D       0
                text35                             E408     E408       44     7204       0
                text34                             E842     E842       7E     7421       0
                text33                             E8C0     E8C0       7E     7460       0
                text32                             E3CA     E3CA       3E     71E5       0
                text31                             E7CA     E7CA       78     73E5       0
                text30                             E4D8     E4D8       48     726C       0
                text29                             E6E0     E6E0       74     7370       0
                text28                             E754     E754       76     73AA       0
                text27                             F364     F364      114     79B2       0
                text26                             E56A     E56A       4E     72B5       0
                text25                             E31E     E31E        6     718F       0
                text24                             E31A     E31A        4     718D       0
                text23                             EDBC     EDBC       B8     76DE       0
                text22                             EE74     EE74       C4     773A       0
                text21                             EBCA     EBCA       96     75E5       0
                text20                             F478     F478      114     7A3C       0
                text19                             EC60     EC60       A6     7630       0
                text18                             E93E     E93E       82     749F       0
                text17                             E9C0     E9C0       82     74E0       0
                text16                             EA42     EA42       82     7521       0
                text15                             EAC4     EAC4       82     7562       0
                text14                             E44C     E44C       46     7226       0
                text13                             E492     E492       46     7249       0
                text12                             EB46     EB46       84     75A3       0
                text11                             EF38     EF38      102     779C       0
                text10                             E390     E390       3A     71C8       0
                text9                              ED06     ED06       B6     7683       0
                text8                              F144     F144      110     78A2       0
                text7                              F84A     F84A      1BC     7C25       0
                text6                              E520     E520       4A     7290       0
                text5                              E330     E330       30     7198       0
                text4                              F6AE     F6AE      19C     7B57       0
                text3                              E674     E674       6C     733A       0
                text2                              E5B8     E5B8       5A     72DC       0
                text1                              FA06     FA06      432     7D03       0
                text0                              F254     F254      110     792A       0
                cstackCOMRAM                          1        1       49        1       1
                dataBANK0                            60       60       30       60       1
                bssBANK0                             90       90       14       60       1
                dataCOMRAM                           4A       4A        C        1       1
                bssCOMRAM                            56       56        9        1       1
                cinit                              E612     E612       62     7309       0
                idataBANK0                         E360     E360       30     E360       0
                idataCOMRAM                        E324     E324        C     E324       0

TOTAL           Name                               Link     Load   Length     Space
        CLASS   CODE           
                init                                  0        0        4         0
                text37                             F58C     F58C      122         0
                text36                             F03A     F03A      10A         0
                text35                             E408     E408       44         0
                text34                             E842     E842       7E         0
                text33                             E8C0     E8C0       7E         0
                text32                             E3CA     E3CA       3E         0
                text31                             E7CA     E7CA       78         0
                text30                             E4D8     E4D8       48         0
                text29                             E6E0     E6E0       74         0
                text28                             E754     E754       76         0
                text27                             F364     F364      114         0
                text26                             E56A     E56A       4E         0
                text25                             E31E     E31E        6         0
                text24                             E31A     E31A        4         0
                text23                             EDBC     EDBC       B8         0
                text22                             EE74     EE74       C4         0
                text21                             EBCA     EBCA       96         0
                text20                             F478     F478      114         0
                text19                             EC60     EC60       A6         0
                text18                             E93E     E93E       82         0
                text17                             E9C0     E9C0       82         0
                text16                             EA42     EA42       82         0
                text15                             EAC4     EAC4       82         0
                text14                             E44C     E44C       46         0
                text13                             E492     E492       46         0
                text12                             EB46     EB46       84         0
                text11                             EF38     EF38      102         0
                text10                             E390     E390       3A         0
                text9                              ED06     ED06       B6         0
                text8                              F144     F144      110         0
                text7                              F84A     F84A      1BC         0
                text6                              E520     E520       4A         0
                text5                              E330     E330       30         0
                text4                              F6AE     F6AE      19C         0
                text3                              E674     E674       6C         0
                text2                              E5B8     E5B8       5A         0
                text1                              FA06     FA06      432         0
                text0                              F254     F254      110         0
                cinit                              E612     E612       62         0
                idataBANK0                         E360     E360       30         0
                idataCOMRAM                        E324     E324        C         0

        CLASS   CONST          

        CLASS   SMALLCONST     

        CLASS   MEDIUMCONST    
                mediumconst                        FE38     FE38      1C8         0

        CLASS   COMRAM         
                cstackCOMRAM                          1        1       49         1
                dataCOMRAM                           4A       4A        C         1
                bssCOMRAM                            56       56        9         1

        CLASS   ABS1           

        CLASS   BIGRAM         

        CLASS   RAM            

        CLASS   BANK0          
                dataBANK0                            60       60       30         1
                bssBANK0                             90       90       14         1

        CLASS   BANK1          

        CLASS   BANK2          

        CLASS   BANK3          

        CLASS   BANK4          

        CLASS   BANK5          

        CLASS   BANK6          

        CLASS   BANK7          

        CLASS   BANK8          

        CLASS   BANK9          

        CLASS   BANK10         

        CLASS   BANK11         

        CLASS   BANK12         

        CLASS   BANK13         

        CLASS   BANK14         

        CLASS   BANK15         

        CLASS   SFR            

        CLASS   BIGSFR         

        CLASS   CONFIG         

        CLASS   IDLOC          

        CLASS   EEDATA         

        CLASS   FARRAM         

        CLASS   HEAP           

        CLASS   STACK          



SEGMENTS        Name                           Load    Length   Top    Selector   Space  Class

                reset_vec                      000000  000004  000004         0       0  CODE    
                cstackCOMRAM                   000001  00005E  00005F         1       1  COMRAM  
                dataBANK0                      000060  000044  0000A4        60       1  BANK0   
                text24                         00E31A  000004  00E31E      718D       0  CODE    
                text25                         00E31E  000006  00E324      718F       0  CODE    
                idataCOMRAM                    00E324  00000C  00E330      E324       0  CODE    
                text5                          00E330  000030  00E360      7198       0  CODE    
                idataBANK0                     00E360  000030  00E390      E360       0  CODE    
                text10                         00E390  00003A  00E3CA      71C8       0  CODE    
                text32                         00E3CA  00003E  00E408      71E5       0  CODE    
                text35                         00E408  000044  00E44C      7204       0  CODE    
                text14                         00E44C  000046  00E492      7226       0  CODE    
                text13                         00E492  000046  00E4D8      7249       0  CODE    
                text30                         00E4D8  000048  00E520      726C       0  CODE    
                text6                          00E520  00004A  00E56A      7290       0  CODE    
                text26                         00E56A  00004E  00E5B8      72B5       0  CODE    
                text2                          00E5B8  00005A  00E612      72DC       0  CODE    
                cinit                          00E612  000062  00E674      7309       0  CODE    
                text3                          00E674  00006C  00E6E0      733A       0  CODE    
                text29                         00E6E0  000074  00E754      7370       0  CODE    
                text28                         00E754  000076  00E7CA      73AA       0  CODE    
                text31                         00E7CA  000078  00E842      73E5       0  CODE    
                text34                         00E842  00007E  00E8C0      7421       0  CODE    
                text33                         00E8C0  00007E  00E93E      7460       0  CODE    
                text18                         00E93E  000082  00E9C0      749F       0  CODE    
                text17                         00E9C0  000082  00EA42      74E0       0  CODE    
                text16                         00EA42  000082  00EAC4      7521       0  CODE    
                text15                         00EAC4  000082  00EB46      7562       0  CODE    
                text12                         00EB46  000084  00EBCA      75A3       0  CODE    
                text21                         00EBCA  000096  00EC60      75E5       0  CODE    
                text19                         00EC60  0000A6  00ED06      7630       0  CODE    
                text9                          00ED06  0000B6  00EDBC      7683       0  CODE    
                text23                         00EDBC  0000B8  00EE74      76DE       0  CODE    
                text22                         00EE74  0000C4  00EF38      773A       0  CODE    
                text11                         00EF38  000102  00F03A      779C       0  CODE    
                text36                         00F03A  00010A  00F144      781D       0  CODE    
                text8                          00F144  000110  00F254      78A2       0  CODE    
                text0                          00F254  000110  00F364      792A       0  CODE    
                text27                         00F364  000114  00F478      79B2       0  CODE    
                text20                         00F478  000114  00F58C      7A3C       0  CODE    
                text37                         00F58C  000122  00F6AE      7AC6       0  CODE    
                text4                          00F6AE  00019C  00F84A      7B57       0  CODE    
                text7                          00F84A  0001BC  00FA06      7C25       0  CODE    
                text1                          00FA06  000432  00FE38      7D03       0  CODE    
                mediumconst                    00FE38  0001C8  010000      7F1C       0  MEDIUMCO


UNUSED ADDRESS RANGES

        Name                Unused          Largest block    Delta
        BANK0            000A4-000FF              5C
        BANK1            00100-001FF             100
        BANK10           00A00-00AFF             100
        BANK11           00B00-00BFF             100
        BANK12           00C00-00CFF             100
        BANK13           00D00-00DFF             100
        BANK14           00E00-00EFF             100
        BANK15           00F00-00F5F              60
        BANK2            00200-002FF             100
        BANK3            00300-003FF             100
        BANK4            00400-004FF             100
        BANK5            00500-005FF             100
        BANK6            00600-006FF             100
        BANK7            00700-007FF             100
        BANK8            00800-008FF             100
        BANK9            00900-009FF             100
        BIGRAM           0005F-0005F               1
                         000A4-00F5F             EBC
        BIGSFR           00F60-00FFF              A0
        CODE             00004-0E319            E316
        COMRAM           0005F-0005F               1
        CONFIG           300000-30000D               E
        CONST            00004-0E319            E316
        EEDATA           F00000-F003FF             400
        IDLOC            200000-200007               8
        MEDIUMCONST      01000-0E319            D31A
        RAM              000A4-00F5F             100
        SFR              00F60-00FFF              A0
        SMALLCONST       01000-0E319             100

                                  Symbol Table

?_strcmp                                                  cstackCOMRAM 00001
EEPROM_READ_BYTE@bAdd                                     cstackCOMRAM 00001
EEPROM_READ_BYTE@data                                     cstackCOMRAM 00003
EEPROM_WRITE_BYTE@bAdd                                    cstackCOMRAM 00001
EEPROM_WRITE_BYTE@data                                    cstackCOMRAM 00003
EEPROM_WRITE_BYTE@interrupt_status                        cstackCOMRAM 00004
Led_initialaize@F3297                                     bssCOMRAM    0005A
Led_initialaize@Pin_config                                cstackCOMRAM 00012
Led_initialaize@led                                       cstackCOMRAM 0000E
Led_initialaize@ret                                       cstackCOMRAM 00011
Led_toggle@F3312                                          bssCOMRAM    00057
Led_turn_off@F3307                                        bssCOMRAM    00058
Led_turn_off@Pin_config                                   cstackCOMRAM 0000F
Led_turn_off@led                                          cstackCOMRAM 0000B
Led_turn_off@ret                                          cstackCOMRAM 0000E
Led_turn_on@F3302                                         bssCOMRAM    00059
Led_turn_on@Pin_config                                    cstackCOMRAM 0000F
Led_turn_on@led                                           cstackCOMRAM 0000B
Led_turn_on@ret                                           cstackCOMRAM 0000E
_EEADR                                                    (abs)        00FA9
_EEADRH                                                   (abs)        00FAA
_EECON1bits                                               (abs)        00FA6
_EECON2                                                   (abs)        00FA7
_EEDATA                                                   (abs)        00FA8
_EEPROM_READ_BYTE                                         text10       0E390
_EEPROM_WRITE_BYTE                                        text6        0E520
_INTCON                                                   (abs)        00FF2
_INTCONbits                                               (abs)        00FF2
_LATA                                                     (abs)        00F89
_LATB                                                     (abs)        00F8A
_LATC                                                     (abs)        00F8B
_LATD                                                     (abs)        00F8C
_LATE                                                     (abs)        00F8D
_LAT_Registers                                            dataBANK0    0006A
_Led_initialaize                                          text34       0E842
_Led_turn_off                                             text18       0E93E
_Led_turn_on                                              text17       0E9C0
_PORTA                                                    (abs)        00F80
_PORTB                                                    (abs)        00F81
_PORTC                                                    (abs)        00F82
_PORTD                                                    (abs)        00F83
_PORTE                                                    (abs)        00F84
_PORT_Registers                                           dataBANK0    00074
_Password                                                 dataBANK0    0007E
_TRISA                                                    (abs)        00F92
_TRISB                                                    (abs)        00F93
_TRISC                                                    (abs)        00F94
_TRISD                                                    (abs)        00F95
_TRISE                                                    (abs)        00F96
_TRIS_Registers                                           dataBANK0    00060
__HRAM                                                    (abs)        00000
__H__absolute__                                           __absolute__ 00000
__Habs1                                                   abs1         00000
__Hbank0                                                  bank0        00000
__Hbank1                                                  bank1        00000
__Hbank10                                                 bank10       00000
__Hbank11                                                 bank11       00000
__Hbank12                                                 bank12       00000
__Hbank13                                                 bank13       00000
__Hbank14                                                 bank14       00000
__Hbank15                                                 bank15       00000
__Hbank2                                                  bank2        00000
__Hbank3                                                  bank3        00000
__Hbank4                                                  bank4        00000
__Hbank5                                                  bank5        00000
__Hbank6                                                  bank6        00000
__Hbank7                                                  bank7        00000
__Hbank8                                                  bank8        00000
__Hbank9                                                  bank9        00000
__Hbigbss                                                 bigbss       00000
__Hbigdata                                                bigdata      00000
__Hbigram                                                 bigram       00000
__Hbigsfr                                                 bigsfr       00000
__Hbss                                                    bss          00000
__HbssBANK0                                               bssBANK0     00000
__HbssCOMRAM                                              bssCOMRAM    00000
__Hcinit                                                  cinit        00000
__Hclrtext                                                clrtext      00000
__Hcomram                                                 comram       00000
__Hconfig                                                 config       00000
__Hconst                                                  const        00000
__HcstackCOMRAM                                           cstackCOMRAM 00000
__Hdata                                                   data         00000
__HdataBANK0                                              dataBANK0    00000
__HdataCOMRAM                                             dataCOMRAM   00000
__Heeprom_data                                            eeprom_data  00000
__Hfarbss                                                 farbss       00000
__Hfardata                                                fardata      00000
__Hheap                                                   heap         00000
__Hibigdata                                               ibigdata     00000
__Hidata                                                  idata        00000
__HidataBANK0                                             idataBANK0   00000
__HidataCOMRAM                                            idataCOMRAM  00000
__Hidloc                                                  idloc        00000
__Hifardata                                               ifardata     00000
__Hinit                                                   init         00004
__Hintcode                                                intcode      00000
__Hintcode_body                                           intcode_body 00000
__Hintcodelo                                              intcodelo    00000
__Hintentry                                               intentry     00000
__Hintret                                                 intret       00000
__Hintsave_regs                                           intsave_regs 00000
__Hirdata                                                 irdata       00000
__Hmediumconst                                            mediumconst  10000
__HnvFARRAM                                               nvFARRAM     00000
__Hnvbit                                                  nvbit        00000
__Hnvrram                                                 nvrram       00000
__Hparam                                                  rparam       00000
__Hpowerup                                                powerup      00000
__Hram                                                    ram          00000
__Hramtop                                                 ramtop       01000
__Hrbit                                                   rbit         00000
__Hrbss                                                   rbss         00000
__Hrdata                                                  rdata        00000
__Hreset_vec                                              reset_vec    00000
__Hrparam                                                 rparam       00000
__Hsfr                                                    sfr          00000
__Hsmallconst                                             smallconst   00000
__Hspace_0                                                (abs)        10000
__Hspace_1                                                (abs)        000A4
__Hspace_2                                                (abs)        00000
__Hspace_4                                                (abs)        00000
__Hstack                                                  stack        00000
__Hstruct                                                 struct       00000
__Htemp                                                   temp         00000
__Htext                                                   text         00000
__Htext0                                                  text0        00000
__Htext1                                                  text1        00000
__Htext10                                                 text10       00000
__Htext11                                                 text11       00000
__Htext12                                                 text12       00000
__Htext13                                                 text13       00000
__Htext14                                                 text14       00000
__Htext15                                                 text15       00000
__Htext16                                                 text16       00000
__Htext17                                                 text17       00000
__Htext18                                                 text18       00000
__Htext19                                                 text19       00000
__Htext2                                                  text2        00000
__Htext20                                                 text20       00000
__Htext21                                                 text21       00000
__Htext22                                                 text22       00000
__Htext23                                                 text23       00000
__Htext24                                                 text24       00000
__Htext25                                                 text25       00000
__Htext26                                                 text26       00000
__Htext27                                                 text27       00000
__Htext28                                                 text28       00000
__Htext29                                                 text29       00000
__Htext3                                                  text3        00000
__Htext30                                                 text30       00000
__Htext31                                                 text31       00000
__Htext32                                                 text32       00000
__Htext33                                                 text33       00000
__Htext34                                                 text34       00000
__Htext35                                                 text35       00000
__Htext36                                                 text36       00000
__Htext37                                                 text37       00000
__Htext4                                                  text4        00000
__Htext5                                                  text5        00000
__Htext6                                                  text6        00000
__Htext7                                                  text7        00000
__Htext8                                                  text8        00000
__Htext9                                                  text9        00000
__LRAM                                                    (abs)        00001
__L__absolute__                                           __absolute__ 00000
__Labs1                                                   abs1         00000
__Lbank0                                                  bank0        00000
__Lbank1                                                  bank1        00000
__Lbank10                                                 bank10       00000
__Lbank11                                                 bank11       00000
__Lbank12                                                 bank12       00000
__Lbank13                                                 bank13       00000
__Lbank14                                                 bank14       00000
__Lbank15                                                 bank15       00000
__Lbank2                                                  bank2        00000
__Lbank3                                                  bank3        00000
__Lbank4                                                  bank4        00000
__Lbank5                                                  bank5        00000
__Lbank6                                                  bank6        00000
__Lbank7                                                  bank7        00000
__Lbank8                                                  bank8        00000
__Lbank9                                                  bank9        00000
__Lbigbss                                                 bigbss       00000
__Lbigdata                                                bigdata      00000
__Lbigram                                                 bigram       00000
__Lbigsfr                                                 bigsfr       00000
__Lbss                                                    bss          00000
__LbssBANK0                                               bssBANK0     00000
__LbssCOMRAM                                              bssCOMRAM    00000
__Lcinit                                                  cinit        00000
__Lclrtext                                                clrtext      00000
__Lcomram                                                 comram       00000
__Lconfig                                                 config       00000
__Lconst                                                  const        00000
__LcstackCOMRAM                                           cstackCOMRAM 00000
__Ldata                                                   data         00000
__LdataBANK0                                              dataBANK0    00000
__LdataCOMRAM                                             dataCOMRAM   00000
__Leeprom_data                                            eeprom_data  00000
__Lfarbss                                                 farbss       00000
__Lfardata                                                fardata      00000
__Lheap                                                   heap         00000
__Libigdata                                               ibigdata     00000
__Lidata                                                  idata        00000
__LidataBANK0                                             idataBANK0   00000
__LidataCOMRAM                                            idataCOMRAM  00000
__Lidloc                                                  idloc        00000
__Lifardata                                               ifardata     00000
__Linit                                                   init         00000
__Lintcode                                                intcode      00000
__Lintcode_body                                           intcode_body 00000
__Lintcodelo                                              intcodelo    00000
__Lintentry                                               intentry     00000
__Lintret                                                 intret       00000
__Lintsave_regs                                           intsave_regs 00000
__Lirdata                                                 irdata       00000
__Lmediumconst                                            mediumconst  0FE38
__LnvFARRAM                                               nvFARRAM     00000
__Lnvbit                                                  nvbit        00000
__Lnvrram                                                 nvrram       00000
__Lparam                                                  rparam       00000
__Lpowerup                                                powerup      00000
__Lram                                                    ram          00000
__Lramtop                                                 ramtop       01000
__Lrbit                                                   rbit         00000
__Lrbss                                                   rbss         00000
__Lrdata                                                  rdata        00000
__Lreset_vec                                              reset_vec    00000
__Lrparam                                                 rparam       00000
__Lsfr                                                    sfr          00000
__Lsmallconst                                             smallconst   00000
__Lspace_0                                                (abs)        00000
__Lspace_1                                                (abs)        00000
__Lspace_2                                                (abs)        00000
__Lspace_4                                                (abs)        00000
__Lstack                                                  stack        00000
__Lstruct                                                 struct       00000
__Ltemp                                                   temp         00000
__Ltext                                                   text         00000
__Ltext0                                                  text0        00000
__Ltext1                                                  text1        00000
__Ltext10                                                 text10       00000
__Ltext11                                                 text11       00000
__Ltext12                                                 text12       00000
__Ltext13                                                 text13       00000
__Ltext14                                                 text14       00000
__Ltext15                                                 text15       00000
__Ltext16                                                 text16       00000
__Ltext17                                                 text17       00000
__Ltext18                                                 text18       00000
__Ltext19                                                 text19       00000
__Ltext2                                                  text2        00000
__Ltext20                                                 text20       00000
__Ltext21                                                 text21       00000
__Ltext22                                                 text22       00000
__Ltext23                                                 text23       00000
__Ltext24                                                 text24       00000
__Ltext25                                                 text25       00000
__Ltext26                                                 text26       00000
__Ltext27                                                 text27       00000
__Ltext28                                                 text28       00000
__Ltext29                                                 text29       00000
__Ltext3                                                  text3        00000
__Ltext30                                                 text30       00000
__Ltext31                                                 text31       00000
__Ltext32                                                 text32       00000
__Ltext33                                                 text33       00000
__Ltext34                                                 text34       00000
__Ltext35                                                 text35       00000
__Ltext36                                                 text36       00000
__Ltext37                                                 text37       00000
__Ltext4                                                  text4        00000
__Ltext5                                                  text5        00000
__Ltext6                                                  text6        00000
__Ltext7                                                  text7        00000
__Ltext8                                                  text8        00000
__Ltext9                                                  text9        00000
__S0                                                      (abs)        10000
__S1                                                      (abs)        000A4
__S4                                                      (abs)        00000
__S5                                                      (abs)        00000
___heap_hi                                                (abs)        00000
___heap_lo                                                (abs)        00000
___inthi_sp                                               stack        00000
___intlo_sp                                               stack        00000
___param_bank                                             (abs)        00000
___rparam_used                                            (abs)        00001
___sp                                                     stack        00000
__accesstop                                               (abs)        00060
__activetblptr                                            (abs)        00002
__end_of_EEPROM_READ_BYTE                                 text10       0E3CA
__end_of_EEPROM_WRITE_BYTE                                text6        0E56A
__end_of_Led_initialaize                                  text34       0E8C0
__end_of_Led_turn_off                                     text18       0E9C0
__end_of_Led_turn_on                                      text17       0EA42
__end_of__initialization                                  cinit        0E66A
__end_of_app_initialize                                   text25       0E324
__end_of_buzzer_initialaize                               text33       0E93E
__end_of_buzzer_turn_off                                  text16       0EAC4
__end_of_buzzer_turn_on                                   text15       0EB46
__end_of_change_the_password_program                      text24       0E31E
__end_of_choose_program                                   text19       0ED06
__end_of_clear_password_from_eeprom                       text5        0E360
__end_of_dc_motor_intialize                               text32       0E408
__end_of_dc_motor_rotate_right                            text14       0E492
__end_of_dc_motor_stop                                    text13       0E4D8
__end_of_ecu_layer_initialize                             text26       0E5B8
__end_of_enter_password_again                             text4        0F84A
__end_of_enter_your_password                              text11       0F03A
__end_of_gpio_pin_direction_initialize                    text37       0F6AE
__end_of_gpio_pin_initialize                              text35       0E44C
__end_of_gpio_pin_read_logic                              text21       0EC60
__end_of_gpio_pin_write_logic                             text36       0F144
__end_of_keypad_buttons                                   mediumconst  0FE49
__end_of_keypad_initialize                                text31       0E842
__end_of_lcd_4bit_initialize                              text27       0F478
__end_of_lcd_4bit_send_char_data_pos                      text12       0EBCA
__end_of_lcd_4bit_send_cmd                                text28       0E7CA
__end_of_lcd_4bit_send_enable                             text30       0E520
__end_of_lcd_4bit_send_string_data_pos                    text22       0EF38
__end_of_lcd_4bit_set_cursor                              text23       0EE74
__end_of_lcd_send_4bits                                   text29       0E754
__end_of_main                                             text0        0F364
__end_of_open_the_safe_program                            text7        0FA06
__end_of_password_compare_with_eeprom                     text9        0EDBC
__end_of_read_keypad                                      text20       0F58C
__end_of_set_passowrd_frist_time                          text1        0FE38
__end_of_strcmp                                           text3        0E6E0
__end_of_try_again_after_5_sec                            text8        0F254
__end_of_write_the_password_in_eeprom                     text2        0E612
__initialization                                          cinit        0E612
__mediumconst                                             mediumconst  0FE38
__pbssBANK0                                               bssBANK0     00090
__pbssCOMRAM                                              bssCOMRAM    00056
__pcinit                                                  cinit        0E612
__pcstackCOMRAM                                           cstackCOMRAM 00001
__pdataBANK0                                              dataBANK0    00060
__pdataCOMRAM                                             dataCOMRAM   0004A
__pidataBANK0                                             idataBANK0   0E360
__pidataCOMRAM                                            idataCOMRAM  0E324
__pmediumconst                                            mediumconst  0FE38
__ptext0                                                  text0        0F254
__ptext1                                                  text1        0FA06
__ptext10                                                 text10       0E390
__ptext11                                                 text11       0EF38
__ptext12                                                 text12       0EB46
__ptext13                                                 text13       0E492
__ptext14                                                 text14       0E44C
__ptext15                                                 text15       0EAC4
__ptext16                                                 text16       0EA42
__ptext17                                                 text17       0E9C0
__ptext18                                                 text18       0E93E
__ptext19                                                 text19       0EC60
__ptext2                                                  text2        0E5B8
__ptext20                                                 text20       0F478
__ptext21                                                 text21       0EBCA
__ptext22                                                 text22       0EE74
__ptext23                                                 text23       0EDBC
__ptext24                                                 text24       0E31A
__ptext25                                                 text25       0E31E
__ptext26                                                 text26       0E56A
__ptext27                                                 text27       0F364
__ptext28                                                 text28       0E754
__ptext29                                                 text29       0E6E0
__ptext3                                                  text3        0E674
__ptext30                                                 text30       0E4D8
__ptext31                                                 text31       0E7CA
__ptext32                                                 text32       0E3CA
__ptext33                                                 text33       0E8C0
__ptext34                                                 text34       0E842
__ptext35                                                 text35       0E408
__ptext36                                                 text36       0F03A
__ptext37                                                 text37       0F58C
__ptext4                                                  text4        0F6AE
__ptext5                                                  text5        0E330
__ptext6                                                  text6        0E520
__ptext7                                                  text7        0F84A
__ptext8                                                  text8        0F144
__ptext9                                                  text9        0ED06
__ramtop                                                  ramtop       01000
__smallconst                                              smallconst   00000
_app_initialize                                           text25       0E31E
_buzzer                                                   dataCOMRAM   00053
_buzzer_initialaize                                       text33       0E8C0
_buzzer_turn_off                                          text16       0EA42
_buzzer_turn_on                                           text15       0EAC4
_change_the_password_program                              text24       0E31A
_choose_program                                           text19       0EC60
_clear_password_from_eeprom                               text5        0E330
_dc_motor                                                 dataCOMRAM   00051
_dc_motor_intialize                                       text32       0E3CA
_dc_motor_rotate_right                                    text14       0E44C
_dc_motor_stop                                            text13       0E492
_ecu_layer_initialize                                     text26       0E56A
_enter_password_again                                     text4        0F6AE
_enter_your_password                                      text11       0EF38
_gpio_pin_direction_initialize                            text37       0F58C
_gpio_pin_initialize                                      text35       0E408
_gpio_pin_read_logic                                      text21       0EBCA
_gpio_pin_write_logic                                     text36       0F03A
_green_led                                                dataCOMRAM   00055
_keypad                                                   dataBANK0    00088
_keypad_buttons                                           mediumconst  0FE39
_keypad_initialize                                        text31       0E7CA
_lcd                                                      dataCOMRAM   0004B
_lcd_4bit_initialize                                      text27       0F364
_lcd_4bit_send_char_data_pos                              text12       0EB46
_lcd_4bit_send_cmd                                        text28       0E754
_lcd_4bit_send_enable                                     text30       0E4D8
_lcd_4bit_send_string_data_pos                            text22       0EE74
_lcd_4bit_set_cursor                                      text23       0EDBC
_lcd_send_4bits                                           text29       0E6E0
_main                                                     text0        0F254
_open_the_safe_program                                    text7        0F84A
_password_compare_with_eeprom                             text9        0ED06
_password_digits_counter                                  bssCOMRAM    00056
_read_keypad                                              text20       0F478
_red_led                                                  dataCOMRAM   00054
_set_passowrd_frist_time                                  text1        0FA06
_strcmp                                                   text3        0E674
_try_again_after_5_sec                                    text8        0F144
_write_the_password_in_eeprom                             text2        0E5B8
_wrong_attempts                                           dataCOMRAM   0004A
buzzer_initialaize@F3297                                  bssCOMRAM    0005E
buzzer_initialaize@Pin_config                             cstackCOMRAM 00012
buzzer_initialaize@buzzer_obj                             cstackCOMRAM 0000E
buzzer_initialaize@ret                                    cstackCOMRAM 00011
buzzer_toggle@F3312                                       bssCOMRAM    0005B
buzzer_turn_off@F3307                                     bssCOMRAM    0005C
buzzer_turn_off@Pin_config                                cstackCOMRAM 0000F
buzzer_turn_off@buzzer_obj                                cstackCOMRAM 0000B
buzzer_turn_off@ret                                       cstackCOMRAM 0000E
buzzer_turn_on@F3302                                      bssCOMRAM    0005D
buzzer_turn_on@Pin_config                                 cstackCOMRAM 0000F
buzzer_turn_on@buzzer_obj                                 cstackCOMRAM 0000B
buzzer_turn_on@ret                                        cstackCOMRAM 0000E
choose_program@choossed_program                           cstackCOMRAM 00027
choose_program@pressed_button                             cstackCOMRAM 0002A
choose_program@ret                                        cstackCOMRAM 00029
clear_password_from_eeprom@ret                            cstackCOMRAM 00005
clear_password_from_eeprom@temp_password_digits_counter   cstackCOMRAM 00006
dc_motor_intialize@dc_motor                               cstackCOMRAM 0000E
dc_motor_intialize@ret                                    cstackCOMRAM 00010
dc_motor_rotate_right@dc_motor                            cstackCOMRAM 0000B
dc_motor_rotate_right@ret                                 cstackCOMRAM 0000D
dc_motor_stop@dc_motor                                    cstackCOMRAM 0000B
dc_motor_stop@ret                                         cstackCOMRAM 0000D
ecu_layer_initialize@ret                                  cstackCOMRAM 0001E
end_of_initialization                                     cinit        0E66A
enter_password_again@password                             cstackCOMRAM 00027
enter_password_again@pressed_key_again                    cstackCOMRAM 0002D
enter_password_again@ret                                  cstackCOMRAM 0002C
enter_password_again@temp_password_digits_counter         cstackCOMRAM 0002B
enter_your_password@_password                             cstackCOMRAM 00027
enter_your_password@pressed_key                           cstackCOMRAM 0002D
enter_your_password@ret                                   cstackCOMRAM 0002B
enter_your_password@temp_password_digits_counter          cstackCOMRAM 0002C
gpio_pin_direction_initialize@Pin_config                  cstackCOMRAM 00001
gpio_pin_direction_initialize@ret                         cstackCOMRAM 00009
gpio_pin_initialize@Pin_config                            cstackCOMRAM 0000B
gpio_pin_initialize@ret                                   cstackCOMRAM 0000D
gpio_pin_read_logic@Pin_config                            cstackCOMRAM 00001
gpio_pin_read_logic@logic                                 cstackCOMRAM 00003
gpio_pin_read_logic@ret                                   cstackCOMRAM 0000A
gpio_pin_write_logic@Pin_config                           cstackCOMRAM 00001
gpio_pin_write_logic@logic                                cstackCOMRAM 00003
gpio_pin_write_logic@ret                                  cstackCOMRAM 0000A
intlevel0                                                 text         00000
intlevel1                                                 text         00000
intlevel2                                                 text         00000
intlevel3                                                 text         00000
isa$std                                                   (abs)        00001
isa$xinst                                                 (abs)        00000
keypad_initialize@cols_counter                            cstackCOMRAM 00014
keypad_initialize@keypad                                  cstackCOMRAM 0000E
keypad_initialize@ret                                     cstackCOMRAM 00012
keypad_initialize@rows_counter                            cstackCOMRAM 00013
lcd_4bit_initialize@l_pin_counter                         cstackCOMRAM 0001C
lcd_4bit_initialize@lcd                                   cstackCOMRAM 00018
lcd_4bit_initialize@ret                                   cstackCOMRAM 0001D
lcd_4bit_send_char_data_pos@col                           cstackCOMRAM 00023
lcd_4bit_send_char_data_pos@data                          cstackCOMRAM 00021
lcd_4bit_send_char_data_pos@lcd                           cstackCOMRAM 0001F
lcd_4bit_send_char_data_pos@ret                           cstackCOMRAM 00024
lcd_4bit_send_char_data_pos@row                           cstackCOMRAM 00022
lcd_4bit_send_cmd@cmd                                     cstackCOMRAM 00016
lcd_4bit_send_cmd@lcd                                     cstackCOMRAM 00014
lcd_4bit_send_cmd@ret                                     cstackCOMRAM 00017
lcd_4bit_send_enable@lcd                                  cstackCOMRAM 0000B
lcd_4bit_send_enable@ret                                  cstackCOMRAM 0000D
lcd_4bit_send_string_data_pos@col                         cstackCOMRAM 00024
lcd_4bit_send_string_data_pos@lcd                         cstackCOMRAM 0001F
lcd_4bit_send_string_data_pos@ret                         cstackCOMRAM 00026
lcd_4bit_send_string_data_pos@row                         cstackCOMRAM 00023
lcd_4bit_send_string_data_pos@string                      cstackCOMRAM 00021
lcd_4bit_set_cursor@col                                   cstackCOMRAM 0001B
lcd_4bit_set_cursor@lcd                                   cstackCOMRAM 00018
lcd_4bit_set_cursor@ret                                   cstackCOMRAM 0001E
lcd_4bit_set_cursor@row                                   cstackCOMRAM 0001A
lcd_send_4bits@l_pin_counter                              cstackCOMRAM 00013
lcd_send_4bits@lcd                                        cstackCOMRAM 0000B
lcd_send_4bits@ret                                        cstackCOMRAM 00012
lcd_send_4bits@value                                      cstackCOMRAM 0000D
main@choossed_program                                     cstackCOMRAM 00049
main@frist_time_to_use_the_safe                           cstackCOMRAM 00048
open_the_safe_program@compare_status                      cstackCOMRAM 00030
open_the_safe_program@ret                                 cstackCOMRAM 00031
password_compare_with_eeprom@Password                     cstackCOMRAM 00005
password_compare_with_eeprom@compare_status               cstackCOMRAM 00007
password_compare_with_eeprom@eeprom_elemnt                cstackCOMRAM 0000C
password_compare_with_eeprom@ret                          cstackCOMRAM 0000B
password_compare_with_eeprom@temp_password_digits_counter cstackCOMRAM 0000D
password_compare_with_eeprom@wrong_password_flag          cstackCOMRAM 0000A
read_keypad@keypad                                        cstackCOMRAM 0000B
read_keypad@l_cols_counter                                cstackCOMRAM 00015
read_keypad@l_rows_counter                                cstackCOMRAM 00013
read_keypad@pressed_but                                   cstackCOMRAM 00012
read_keypad@ret                                           cstackCOMRAM 00011
read_keypad@rows_counter                                  cstackCOMRAM 00014
read_keypad@value                                         cstackCOMRAM 0000D
set_passowrd_frist_time@Temp_Password_1                   cstackCOMRAM 0003A
set_passowrd_frist_time@Temp_Password_2                   cstackCOMRAM 00030
set_passowrd_frist_time@pressed_key                       cstackCOMRAM 00044
set_passowrd_frist_time@ret                               cstackCOMRAM 00045
stackhi                                                   (abs)        00000
stacklo                                                   (abs)        00000
start                                                     init         00000
start_initialization                                      cinit        0E612
strcmp@l                                                  cstackCOMRAM 00001
strcmp@r                                                  cstackCOMRAM 00003
try_again_after_5_sec@ret                                 cstackCOMRAM 00029
write_the_password_in_eeprom@password                     cstackCOMRAM 00005
write_the_password_in_eeprom@password_length              cstackCOMRAM 00007
write_the_password_in_eeprom@ret                          cstackCOMRAM 00008
write_the_password_in_eeprom@temp_password_digits_counter cstackCOMRAM 00009


MODULE INFORMATION

Module		Function		Class		Link	Load	Size
MCAL_Layer/DIO/HAL_GPIO.c
		_gpio_pin_write_logic		CODE           	F03A	0000	266
		_gpio_pin_read_logic		CODE           	EBCA	0000	150
		_gpio_pin_direction_initialize		CODE           	F58C	0000	290
		_gpio_pin_initialize		CODE           	E408	0000	68

MCAL_Layer/DIO/HAL_GPIO.c estimated size: 774

C:\Program Files\Microchip\xc8\v2.41\pic\sources\c99\common\strcmp.c
		_strcmp        		CODE           	E674	0000	108

C:\Program Files\Microchip\xc8\v2.41\pic\sources\c99\common\strcmp.c estimated size: 108

ECU_Layer/ecu_buzzer/ecu_buzzer.c
		_buzzer_turn_on		CODE           	EAC4	0000	130
		_buzzer_turn_off		CODE           	EA42	0000	130
		_buzzer_initialaize		CODE           	E8C0	0000	126

ECU_Layer/ecu_buzzer/ecu_buzzer.c estimated size: 386

ECU_Layer/ecu_keypad/ecu_keypad.c
		_read_keypad   		CODE           	F478	0000	276
		_keypad_initialize		CODE           	E7CA	0000	120

ECU_Layer/ecu_keypad/ecu_keypad.c estimated size: 396

ECU_Layer/ecu_lcd/ecu_lcd.c
		_lcd_send_4bits		CODE           	E6E0	0000	116
		_lcd_4bit_send_enable		CODE           	E4D8	0000	72
		_lcd_4bit_send_char_data_pos		CODE           	EB46	0000	132
		_lcd_4bit_set_cursor		CODE           	EDBC	0000	184
		_lcd_4bit_send_string_data_pos		CODE           	EE74	0000	196
		_lcd_4bit_send_cmd		CODE           	E754	0000	118
		_lcd_4bit_initialize		CODE           	F364	0000	276

ECU_Layer/ecu_lcd/ecu_lcd.c estimated size: 1094

shared
		__initialization		CODE           	E612	0000	88
		_keypad_buttons		MEDIUMCONST    	FE39	0000	16

shared estimated size: 104

ECU_Layer/ecu_dc_motor/ecu_dc_motor.c
		_dc_motor_stop 		CODE           	E492	0000	70
		_dc_motor_intialize		CODE           	E3CA	0000	62
		_dc_motor_rotate_right		CODE           	E44C	0000	70

ECU_Layer/ecu_dc_motor/ecu_dc_motor.c estimated size: 202

ECU_Layer/ecu_led/ecu_led.c
		_Led_turn_on   		CODE           	E9C0	0000	130
		_Led_turn_off  		CODE           	E93E	0000	130
		_Led_initialaize		CODE           	E842	0000	126

ECU_Layer/ecu_led/ecu_led.c estimated size: 386

App.c
		_write_the_password_in_eeprom		CODE           	E5B8	0000	90
		_change_the_password_program		CODE           	E31A	0000	4
		_clear_password_from_eeprom		CODE           	E330	0000	48
		_main          		CODE           	F254	0000	272
		_try_again_after_5_sec		CODE           	F144	0000	272
		_set_passowrd_frist_time		CODE           	FA06	0000	1074
		_password_compare_with_eeprom		CODE           	ED06	0000	182
		_enter_password_again		CODE           	F6AE	0000	412
		_open_the_safe_program		CODE           	F84A	0000	444
		_choose_program		CODE           	EC60	0000	166
		_enter_your_password		CODE           	EF38	0000	258
		_app_initialize		CODE           	E31E	0000	6

App.c estimated size: 3228

MCAL_Layer/EEPROM/mcal_eeprom.c
		_EEPROM_READ_BYTE		CODE           	E390	0000	58
		_EEPROM_WRITE_BYTE		CODE           	E520	0000	74

MCAL_Layer/EEPROM/mcal_eeprom.c estimated size: 132

ECU_Layer/ecu_initialize.c
		_ecu_layer_initialize		CODE           	E56A	0000	78

ECU_Layer/ecu_initialize.c estimated size: 78

